// Jest Snapshot v1, https://goo.gl/fbAQLP

exports[`PokemonFilter snapshot 1`] = `
<div>
  <ul>
    <li
      data-testid="option"
    >
      All
    </li>
    <li
      data-testid="option"
    >
      Normal
    </li>
    <li
      data-testid="option"
    >
      Poison
    </li>
    <li
      data-testid="option"
    >
      Electric
    </li>
    <li
      data-testid="option"
    >
      Fire
    </li>
    <li
      data-testid="option"
    >
      Water
    </li>
    <li
      data-testid="option"
    >
      Rock
    </li>
    <li
      data-testid="option"
    >
      Grass
    </li>
    <li
      data-testid="option"
    >
      Fighting
    </li>
    <li
      data-testid="option"
    >
      Psychic
    </li>
    <li
      data-testid="option"
    >
      Ground
    </li>
    <li
      data-testid="option"
    >
      Fairy
    </li>
  </ul>
  <div
    class="pokemonFilterList"
  >
    <div
      class="card u-full-width electric"
      data-testid="card"
    >
      <div
        class="imageWrapper"
      >
        <img
          class="pokemon-image"
        />
      </div>
      <div
        class="textWrapper"
      >
        <div
          class="pokemon-type"
        >
          electric
        </div>
        <div
          class="pokemon-name"
        >
          pikachu
        </div>
        <div
          class="info"
        >
          <div
            class="pokemon-column"
          >
            HP:
          </div>
           
          <div
            class="pokemon-value"
          >
            35
          </div>
        </div>
        <div
          class="info"
        >
          <div
            class="pokemon-column"
          >
            Attack:
          </div>
           
          <div
            class="pokemon-value"
          >
            55
          </div>
        </div>
        <div
          class="info"
        >
          <div
            class="pokemon-column"
          >
            Defense:
          </div>
           
          <div
            class="pokemon-value"
          >
            40
          </div>
        </div>
        <div
          class="info"
        >
          <div
            class="pokemon-column"
          >
            Special Attack:
          </div>
           
          <div
            class="pokemon-value"
          >
            50
          </div>
        </div>
        <div
          class="info"
        >
          <div
            class="pokemon-column"
          >
            Special Defense:
          </div>
           
          <div
            class="pokemon-value"
          >
            50
          </div>
        </div>
        <div
          class="info"
        >
          <div
            class="pokemon-column"
          >
            Speed:
          </div>
           
          <div
            class="pokemon-value"
          >
            90 m/s
          </div>
        </div>
        <div
          class="info"
        >
          <div
            class="pokemon-column"
          >
            Height:
          </div>
           
          <div
            class="pokemon-value"
          >
            undefined feets
          </div>
        </div>
        <div
          class="info"
        >
          <div
            class="pokemon-column"
          >
            Weight:
          </div>
           
          <div
            class="pokemon-value"
          >
            undefined pounds
          </div>
        </div>
        <div
          class="info"
        >
          <div
            class="column"
          >
            <div
              class="pokemon-column"
            >
              Ability:
            </div>
            <div
              class="pokemon-value"
            />
          </div>
          <div
            class="column"
          >
            <div
              class="pokemon-column"
            >
              Hidden Ability:
            </div>
            <div
              class="pokemon-value"
            >
              --
            </div>
          </div>
        </div>
      </div>
    </div>
  </div>
</div>
`;
